../Drivers/CMSIS/Include/core_cm4.h:2064:26:ITM_SendChar	16	static,ignoring_inline_asm
../Core/Src/main.c:70:5:__io_putchar	16	static
../Core/Src/main.c:87:5:main	56	static
../Core/Src/main.c:168:6:SystemClock_Config	88	static
../Core/Src/main.c:215:13:MX_ADC3_Init	24	static
../Core/Src/main.c:303:13:MX_SPI1_Init	8	static
../Core/Src/main.c:341:13:MX_USART2_UART_Init	8	static
../Core/Src/main.c:374:13:MX_USART6_UART_Init	8	static
../Core/Src/main.c:405:13:MX_DMA_Init	16	static
../Core/Src/main.c:423:13:MX_GPIO_Init	56	static
../Core/Src/main.c:480:6:SPIWrite	16	static
../Core/Src/main.c:493:9:SPIRead	24	static
../Core/Src/main.c:509:9:get_bt_msg	16	static
../Core/Src/main.c:516:17:Get_gyro_values	32	static
../Core/Src/main.c:532:6:gyroInit	16	static
../Core/Src/main.c:559:6:Error_Handler	4	static,ignoring_inline_asm
