../Drivers/CMSIS/Include/core_cm4.h:2064:26:ITM_SendChar	16	static,ignoring_inline_asm
../Core/Src/main.c:64:5:__io_putchar	16	static
../Core/Src/main.c:81:5:main	48	static
../Core/Src/main.c:207:6:SystemClock_Config	88	static
../Core/Src/main.c:254:13:MX_ADC3_Init	24	static
../Core/Src/main.c:342:13:MX_USART2_UART_Init	8	static
../Core/Src/main.c:375:13:MX_USART6_UART_Init	8	static
../Core/Src/main.c:406:13:MX_DMA_Init	16	static
../Core/Src/main.c:424:13:MX_GPIO_Init	56	static
../Core/Src/main.c:517:6:Error_Handler	4	static,ignoring_inline_asm
